// Jest Snapshot v1, https://goo.gl/fbAQLP

exports[`MovieList renders correctly all movies 1`] = `
Array [
  <p
    className="movies__found"
  >
    <span>
      2
    </span>
     movies found
  </p>,
  <div
    className="movies"
  >
    <div
      className="movie-card"
      onMouseLeave={[Function]}
      role="listitem"
    >
      <div
        className="movie-card__img-wrapper"
      >
        <div
          className="movie-card__actions"
        >
          <button
            onClick={[Function]}
          >
            <img
              alt="three dots"
              src="dots-more.png"
            />
          </button>
        </div>
        <div>
          <div
            className="movie-card__modal false"
          >
            <button
              className="movie-card__close"
              onClick={[Function]}
            >
              <img
                alt="x-mark"
                src="close-sm.png"
              />
            </button>
            <button
              className="movie-card__btn"
              onClick={[Function]}
            >
              Edit
            </button>
            <button
              className="movie-card__btn"
              onClick={[Function]}
            >
              Delete
            </button>
          </div>
        </div>
        <img
          alt="movie"
          className="movie-card__img"
          onClick={[Function]}
          onError={[Function]}
          src="poster_path"
        />
      </div>
      <div
        className="movie-card__info"
      >
        <div
          className="movie-card__title"
        >
          title
        </div>
        <div
          className="movie-card__year"
        >
          release_date
        </div>
      </div>
      <div
        className="movie-card__genre"
      >
        Action
      </div>
    </div>
    <div
      className="movie-card"
      onMouseLeave={[Function]}
      role="listitem"
    >
      <div
        className="movie-card__img-wrapper"
      >
        <div
          className="movie-card__actions"
        >
          <button
            onClick={[Function]}
          >
            <img
              alt="three dots"
              src="dots-more.png"
            />
          </button>
        </div>
        <div>
          <div
            className="movie-card__modal false"
          >
            <button
              className="movie-card__close"
              onClick={[Function]}
            >
              <img
                alt="x-mark"
                src="close-sm.png"
              />
            </button>
            <button
              className="movie-card__btn"
              onClick={[Function]}
            >
              Edit
            </button>
            <button
              className="movie-card__btn"
              onClick={[Function]}
            >
              Delete
            </button>
          </div>
        </div>
        <img
          alt="movie"
          className="movie-card__img"
          onClick={[Function]}
          onError={[Function]}
          src="poster_path"
        />
      </div>
      <div
        className="movie-card__info"
      >
        <div
          className="movie-card__title"
        >
          title
        </div>
        <div
          className="movie-card__year"
        >
          release_date
        </div>
      </div>
      <div
        className="movie-card__genre"
      >
        Action
      </div>
    </div>
  </div>,
]
`;
